Microchip MPLAB XC8 Compiler V2.36

Linker command line:

-W-3 --edf=C:\Program Files\Microchip\xc8\v2.36\pic\dat\en_msgs.txt -cn \
  -h+dist/default/production\Washing_Machine_Project.X.production.sym \
  --cmf=dist/default/production\Washing_Machine_Project.X.production.cmf -z \
  -Q16F877A -oC:\Users\MAYUR\AppData\Local\Temp\xcAs1ms.4 \
  --defsym=__MPLAB_BUILD=1 \
  -Mdist/default/production/Washing_Machine_Project.X.production.map \
  --md=C:\Users\MAYUR\AppData\Local\Temp\xcAs1ms.dat -E1 -ver=XC8 Compiler \
  --acfsm=1493 -ACODE=00h-07FFhx4 -ASTRCODE=00h-01FFFh -ASTRING=00h-0FFhx32 \
  -ACONST=00h-0FFhx32 -AENTRY=00h-0FFhx32 -ACOMMON=070h-07Fh \
  -ABANK0=020h-06Fh -ABANK1=0A0h-0EFh -ABANK2=0110h-016Fh \
  -ABANK3=0190h-01EFh -ARAM=020h-06Fh,0A0h-0EFh,0110h-016Fh,0190h-01EFh \
  -AABS1=020h-07Fh,0A0h-0EFh,0110h-016Fh,0190h-01EFh -ASFR0=00h-01Fh \
  -ASFR1=080h-09Fh -ASFR2=0100h-010Fh -ASFR3=0180h-018Fh \
  -ACONFIG=02007h-02007h -DCONFIG=2 -AIDLOC=02000h-02003h -DIDLOC=2 \
  -AEEDATA=00h-0FFh/02100h -peeprom_data=EEDATA -DEEDATA=2 -DCODE=2 \
  -DSTRCODE=2 -DSTRING=2 -DCONST=2 -DENTRY=2 \
  -preset_vec=00h,intentry=04h,init,end_init -ppowerup=CODE -pcinit=CODE \
  -pfunctab=ENTRY -k C:\Users\MAYUR\AppData\Local\Temp\xcAs1ms.o \
  dist/default/production\Washing_Machine_Project.X.production.o 

Object code version is 3.11

Machine type is 16F877A



                Name                               Link     Load   Length Selector   Space Scale
C:\Users\MAYUR\AppData\Local\Temp\xcAs1ms.o
                end_init                              C        C        3        8       0
                reset_vec                             0        0        3        0       0
                config                             2007     2007        1        0       4
                idloc                              2000     2000        4        0       5
dist/default/production\Washing_Machine_Project.X.production.o
                cinit                                 F        F       29        8       0
                intentry                              4        4        8        8       0
                config                             2007     2007        1        0       4
                idloc                              2000     2000        4        0       5
                text24                             15EC     15EC       37     2BD8       0
                text23                             1545     1545       20     2A8A       0
                text22                             1623     1623       52     2C46       0
                text21                             14DC     14DC        B     29B8       0
                text20                             14CE     14CE        6     299C       0
                text19                             14E7     14E7        D     29CE       0
                text18                             1529     1529       1C     2A52       0
                text17                             15B9     15B9       33     2B72       0
                text16                             1514     1514       15     2A28       0
                text15                             16D0     16D0       60     2DA0       0
                text14                             1730     1730       67     2E60       0
                text13                             1797     1797       69     2F2E       0
                text12                             1675     1675       5B     2CEA       0
                text11                             1565     1565       29     2ACA       0
                text10                              400      400      361        8       0
                text9                               761      761       7C        8       0
                text8                              158E     158E       2B     2B1C       0
                text7                               A24      A24       BC     1448       0
                text6                              14F4     14F4        D     29E8       0
                text5                               9B8      9B8       6C     1370       0
                text4                                38       38      3C8        8       0
                text3                               D20      D20      149     1A40       0
                text2                               AE0      AE0      120     15C0       0
                text1                               C00      C00      120     1800       0
                maintext                            E69      E69      197     1CD2       0
                cstackBANK0                          20       20       3A       20       1
                cstackCOMMON                         70       70        8       70       1
                cstackBANK1                          C2       C2        5       A0       1
                clrtext                            14D4     14D4        8     29A8       0
                inittext                           1501     1501       13     2A02       0
                dataBANK1                            A0       A0       22       A0       1
                dataBANK0                            6A       6A        2       20       1
                bssBANK0                             5A       5A       10       20       1
                bssCOMMON                            78       78        3       70       1
                stringtext                          800      800      1B5       10       0
                strings                            1000     1000       12     2000       0
                nvBANK0                              6C       6C        1       20       1
                idataBANK1                          7DD      7DD       22        8       0
                idataBANK0                          9B6      9B6        2     136C       0

TOTAL           Name                               Link     Load   Length     Space
        CLASS   CODE           
                end_init                              C        C        3         0
                cinit                                 F        F       29         0
                intentry                              4        4        8         0
                reset_vec                             0        0        3         0
                text24                             15EC     15EC       37         0
                text23                             1545     1545       20         0
                text22                             1623     1623       52         0
                text21                             14DC     14DC        B         0
                text20                             14CE     14CE        6         0
                text19                             14E7     14E7        D         0
                text18                             1529     1529       1C         0
                text17                             15B9     15B9       33         0
                text16                             1514     1514       15         0
                text15                             16D0     16D0       60         0
                text14                             1730     1730       67         0
                text13                             1797     1797       69         0
                text12                             1675     1675       5B         0
                text11                             1565     1565       29         0
                text10                              400      400      361         0
                text9                               761      761       7C         0
                text8                              158E     158E       2B         0
                text7                               A24      A24       BC         0
                text6                              14F4     14F4        D         0
                text5                               9B8      9B8       6C         0
                text4                                38       38      3C8         0
                text3                               D20      D20      149         0
                text2                               AE0      AE0      120         0
                text1                               C00      C00      120         0
                maintext                            E69      E69      197         0
                clrtext                            14D4     14D4        8         0
                inittext                           1501     1501       13         0
                idataBANK1                          7DD      7DD       22         0
                idataBANK0                          9B6      9B6        2         0

        CLASS   STRCODE        
                stringtext                          800      800      1B5         0

        CLASS   STRING         
                strings                            1000     1000       12         0

        CLASS   CONST          

        CLASS   ENTRY          

        CLASS   COMMON         
                cstackCOMMON                         70       70        8         1
                bssCOMMON                            78       78        3         1

        CLASS   BANK0          
                cstackBANK0                          20       20       3A         1
                dataBANK0                            6A       6A        2         1
                bssBANK0                             5A       5A       10         1
                nvBANK0                              6C       6C        1         1

        CLASS   BANK1          
                cstackBANK1                          C2       C2        5         1
                dataBANK1                            A0       A0       22         1

        CLASS   BANK2          

        CLASS   BANK3          

        CLASS   RAM            

        CLASS   ABS1           
                abs_s1                               7E       7E        2         1

        CLASS   SFR0           

        CLASS   SFR1           

        CLASS   SFR2           

        CLASS   SFR3           

        CLASS   CONFIG         
                config                             2007     2007        1         4

        CLASS   IDLOC          
                idloc                              2000     2000        4         5

        CLASS   EEDATA         

        CLASS   STACK          



SEGMENTS        Name                           Load    Length   Top    Selector   Space  Class     Delta

                reset_vec                      000000  000003  000003         0       0  CODE        2
                intentry                       000004  0007FB  0007FF         8       0  CODE        2
                cstackBANK0                    000020  00004D  00006D        20       1  BANK0       1
                cstackCOMMON                   000070  00000B  00007B        70       1  COMMON      1
                dataBANK1                      0000A0  000027  0000C7        A0       1  BANK1       1
                stringtext                     000800  0001B5  0009B5        10       0  STRCODE     2
                idataBANK0                     0009B6  000002  0009B8      136C       0  CODE        2
                text5                          0009B8  00006C  000A24      1370       0  CODE        2
                text7                          000A24  0000BC  000AE0      1448       0  CODE        2
                text2                          000AE0  000120  000C00      15C0       0  CODE        2
                text1                          000C00  000120  000D20      1800       0  CODE        2
                text3                          000D20  000149  000E69      1A40       0  CODE        2
                maintext                       000E69  000197  001000      1CD2       0  CODE        2
                strings                        001000  000012  001012      2000       0  STRING      2
                text20                         0014CE  000006  0014D4      299C       0  CODE        2
                clrtext                        0014D4  000008  0014DC      29A8       0  CODE        2
                text21                         0014DC  00000B  0014E7      29B8       0  CODE        2
                text19                         0014E7  00000D  0014F4      29CE       0  CODE        2
                text6                          0014F4  00000D  001501      29E8       0  CODE        2
                inittext                       001501  000013  001514      2A02       0  CODE        2
                text16                         001514  000015  001529      2A28       0  CODE        2
                text18                         001529  00001C  001545      2A52       0  CODE        2
                text23                         001545  000020  001565      2A8A       0  CODE        2
                text11                         001565  000029  00158E      2ACA       0  CODE        2
                text8                          00158E  00002B  0015B9      2B1C       0  CODE        2
                text17                         0015B9  000033  0015EC      2B72       0  CODE        2
                text24                         0015EC  000037  001623      2BD8       0  CODE        2
                text22                         001623  000052  001675      2C46       0  CODE        2
                text12                         001675  00005B  0016D0      2CEA       0  CODE        2
                text15                         0016D0  000060  001730      2DA0       0  CODE        2
                text14                         001730  000067  001797      2E60       0  CODE        2
                text13                         001797  000069  001800      2F2E       0  CODE        2


UNUSED ADDRESS RANGES

        Name                Unused          Largest block    Delta
        BANK0            006D-006F              3           1
        BANK1            00C7-00EF             29           1
        BANK2            0110-016F             60           1
        BANK3            0190-01EF             60           1
        CODE             0003-0003              1           2
                         07FF-07FF              1
                         09B5-09B5              1
                         1012-14CD            4BC
                         1800-1FFF            800
        COMMON           007B-007D              3           1
        CONST            0003-0003              1           2
                         07FF-07FF              1
                         09B5-09B5              1
                         1012-14CD            100
                         1800-1FFF            100
        EEDATA           2100-21FF            100           2
        ENTRY            0003-0003              1           2
                         07FF-07FF              1
                         09B5-09B5              1
                         1012-14CD            100
                         1800-1FFF            100
        RAM              006D-006F              3           1
                         00C7-00EF             29
                         0110-016F             60
                         0190-01EF             60
        SFR0             0000-001F             20           1
        SFR1             0080-009F             20           1
        SFR2             0100-010F             10           1
        SFR3             0180-018F             10           1
        STRCODE          0003-0003              1           2
                         07FF-07FF              1
                         09B5-09B5              1
                         1012-14CD            4BC
                         1800-1FFF            800
        STRING           0003-0003              1           2
                         07FF-07FF              1
                         09B5-09B5              1
                         1012-14CD            100
                         1800-1FFF            100

                                  Symbol Table

?__Umul8_16                      cstackCOMMON 0073
?___awdiv                        cstackCOMMON 0073
?___awmod                        cstackCOMMON 0073
?___flmul                        cstackBANK0  002A
?___fltol                        cstackBANK0  0044
?___wmul                         cstackCOMMON 0073
?___xxtofl                       cstackCOMMON 0073
_ADCON1                          (abs)        009F
_GIE                             (abs)        005F
_PEIE                            (abs)        005E
_PORTA                           (abs)        0005
_PORTB                           (abs)        0006
_PORTD                           (abs)        0008
_PR2                             (abs)        0092
_RA0                             (abs)        0028
_RB0                             (abs)        0030
_RC1                             (abs)        0039
_RC2                             (abs)        003A
_RE1                             (abs)        0049
_RE2                             (abs)        004A
_T2CKPS0                         (abs)        0090
_T2CKPS1                         (abs)        0091
_TMR2IE                          (abs)        0461
_TMR2IF                          (abs)        0061
_TMR2ON                          (abs)        0092
_TRISA                           (abs)        0085
_TRISB                           (abs)        0086
_TRISC1                          (abs)        0439
_TRISC2                          (abs)        043A
_TRISD                           (abs)        0088
_TRISE1                          (abs)        0449
_TRISE2                          (abs)        044A
__Habs1                          abs1         0000
__Hbank0                         bank0        0000
__Hbank1                         bank1        0000
__Hbank2                         bank2        0000
__Hbank3                         bank3        0000
__HbssBANK0                      bssBANK0     0000
__HbssCOMMON                     bssCOMMON    0000
__Hcinit                         cinit        0038
__Hclrtext                       clrtext      0000
__Hcode                          code         0000
__Hcommon                        common       0000
__Hconfig                        config       2008
__HcstackBANK0                   cstackBANK0  0000
__HcstackBANK1                   cstackBANK1  0000
__HcstackCOMMON                  cstackCOMMON 0000
__HdataBANK0                     dataBANK0    0000
__HdataBANK1                     dataBANK1    0000
__Heeprom_data                   eeprom_data  0000
__Hend_init                      end_init     000F
__Hfunctab                       functab      0000
__HidataBANK0                    idataBANK0   0000
__HidataBANK1                    idataBANK1   0000
__Hidloc                         idloc        2004
__Hinit                          init         000C
__Hinittext                      inittext     0000
__Hintentry                      intentry     000C
__Hmaintext                      maintext     0000
__HnvBANK0                       nvBANK0      0000
__Hpowerup                       powerup      0000
__Hram                           ram          0000
__Hreset_vec                     reset_vec    0003
__Hsfr0                          sfr0         0000
__Hsfr1                          sfr1         0000
__Hsfr2                          sfr2         0000
__Hsfr3                          sfr3         0000
__Hspace_0                       (abs)        1800
__Hspace_1                       (abs)        00C7
__Hspace_2                       (abs)        0000
__Hspace_3                       (abs)        0000
__Hspace_4                       (abs)        400F
__Hstack                         stack        0000
__Hstrings                       strings      0000
__Hstringtext                    stringtext   0000
__Htext                          text         0000
__Labs1                          abs1         0000
__Lbank0                         bank0        0000
__Lbank1                         bank1        0000
__Lbank2                         bank2        0000
__Lbank3                         bank3        0000
__LbssBANK0                      bssBANK0     0000
__LbssCOMMON                     bssCOMMON    0000
__Lcinit                         cinit        000F
__Lclrtext                       clrtext      0000
__Lcode                          code         0000
__Lcommon                        common       0000
__Lconfig                        config       0000
__LcstackBANK0                   cstackBANK0  0000
__LcstackBANK1                   cstackBANK1  0000
__LcstackCOMMON                  cstackCOMMON 0000
__LdataBANK0                     dataBANK0    0000
__LdataBANK1                     dataBANK1    0000
__Leeprom_data                   eeprom_data  0000
__Lend_init                      end_init     000C
__Lfunctab                       functab      0000
__LidataBANK0                    idataBANK0   0000
__LidataBANK1                    idataBANK1   0000
__Lidloc                         idloc        0000
__Linit                          init         000C
__Linittext                      inittext     0000
__Lintentry                      intentry     0004
__Lmaintext                      maintext     0000
__LnvBANK0                       nvBANK0      0000
__Lpowerup                       powerup      0000
__Lram                           ram          0000
__Lreset_vec                     reset_vec    0000
__Lsfr0                          sfr0         0000
__Lsfr1                          sfr1         0000
__Lsfr2                          sfr2         0000
__Lsfr3                          sfr3         0000
__Lspace_0                       (abs)        0000
__Lspace_1                       (abs)        0000
__Lspace_2                       (abs)        0000
__Lspace_3                       (abs)        0000
__Lspace_4                       (abs)        0000
__Lstack                         stack        0000
__Lstrings                       strings      0000
__Lstringtext                    stringtext   0000
__Ltext                          text         0000
__S0                             (abs)        1800
__S1                             (abs)        00C7
__S3                             (abs)        0000
__Umul8_16                       text11       1565
__Umul8_16@multiplicand          cstackCOMMON 0073
__Umul8_16@multiplier            cstackBANK0  0024
__Umul8_16@product               cstackBANK0  0020
__Umul8_16@word_mpld             cstackBANK0  0022
___awdiv                         text13       1797
___awdiv@counter                 cstackBANK0  0020
___awdiv@dividend                cstackCOMMON 0075
___awdiv@divisor                 cstackCOMMON 0073
___awdiv@quotient                cstackBANK0  0022
___awdiv@sign                    cstackBANK0  0021
___awmod                         text12       1675
___awmod@counter                 cstackBANK0  0020
___awmod@dividend                cstackCOMMON 0075
___awmod@divisor                 cstackCOMMON 0073
___awmod@sign                    cstackBANK0  0021
___flmul                         text10       0400
___flmul@a                       cstackBANK0  002E
___flmul@aexp                    cstackBANK0  0038
___flmul@b                       cstackBANK0  002A
___flmul@bexp                    cstackBANK0  003D
___flmul@grs                     cstackBANK0  0039
___flmul@prod                    cstackBANK0  003E
___flmul@sign                    cstackBANK0  0037
___flmul@temp                    cstackBANK0  0042
___fltol                         text9        0761
___fltol@exp1                    cstackBANK0  004E
___fltol@f1                      cstackBANK0  0044
___fltol@sign1                   cstackBANK0  004D
___int_sp                        stack        0000
___latbits                       (abs)        0002
___sp                            stack        0000
___stackhi                       (abs)        0000
___stacklo                       (abs)        0000
___wmul                          text8        158E
___wmul@multiplicand             cstackCOMMON 0075
___wmul@multiplier               cstackCOMMON 0073
___wmul@product                  cstackBANK0  0020
___xxtofl                        text7        0A24
___xxtofl@arg                    cstackBANK0  0026
___xxtofl@exp                    cstackBANK0  0025
___xxtofl@sign                   cstackBANK0  0024
___xxtofl@val                    cstackCOMMON 0073
__end_of__Umul8_16               text11       158E
__end_of___awdiv                 text13       1800
__end_of___awmod                 text12       16D0
__end_of___flmul                 text10       0761
__end_of___fltol                 text9        07DD
__end_of___wmul                  text8        15B9
__end_of___xxtofl                text7        0AE0
__end_of__initialization         cinit        0034
__end_of__stringtab              strings      1012
__end_of_clcd_print              text17       15EC
__end_of_clcd_putch              text16       1529
__end_of_clcd_write              text23       1565
__end_of_clear_screen            text6        1501
__end_of_door_status_check       text5        0A24
__end_of_init_clcd               text21       14E7
__end_of_init_config             text18       1545
__end_of_init_digital_keypad     text20       14D4
__end_of_init_display_controller text22       1675
__end_of_init_timer2             text19       14F4
__end_of_isr                     text24       1623
__end_of_main                    maintext     1000
__end_of_power_on_screen         text15       1730
__end_of_read_digital_keypad     text14       1797
__end_of_run_program             text4        0400
__end_of_set_time_for_program    text3        0E69
__end_of_washing_program_display text2        0C00
__end_of_water_level_display     text1        0D20
__initialization                 cinit        000F
__pbssBANK0                      bssBANK0     005A
__pbssCOMMON                     bssCOMMON    0078
__pcstackBANK0                   cstackBANK0  0020
__pcstackBANK1                   cstackBANK1  00C2
__pcstackCOMMON                  cstackCOMMON 0070
__pdataBANK0                     dataBANK0    006A
__pdataBANK1                     dataBANK1    00A0
__pidataBANK0                    idataBANK0   09B6
__pidataBANK1                    idataBANK1   07DD
__pintentry                      intentry     0004
__pmaintext                      maintext     0E69
__pnvBANK0                       nvBANK0      006C
__pstrings                       strings      1000
__pstringtext                    stringtext   0800
__ptext1                         text1        0C00
__ptext10                        text10       0400
__ptext11                        text11       1565
__ptext12                        text12       1675
__ptext13                        text13       1797
__ptext14                        text14       1730
__ptext15                        text15       16D0
__ptext16                        text16       1514
__ptext17                        text17       15B9
__ptext18                        text18       1529
__ptext19                        text19       14E7
__ptext2                         text2        0AE0
__ptext20                        text20       14CE
__ptext21                        text21       14DC
__ptext22                        text22       1623
__ptext23                        text23       1545
__ptext24                        text24       15EC
__ptext3                         text3        0D20
__ptext4                         text4        0038
__ptext5                         text5        09B8
__ptext6                         text6        14F4
__ptext7                         text7        0A24
__ptext8                         text8        158E
__ptext9                         text9        0761
__stringbase                     strings      1012
__stringtab                      strings      1000
_clcd_print                      text17       15B9
_clcd_putch                      text16       1514
_clcd_write                      text23       1545
_clear_screen                    text6        14F4
_door_status_check               text5        09B8
_init_clcd                       text21       14DC
_init_config                     text18       1529
_init_digital_keypad             text20       14CE
_init_display_controller         text22       1623
_init_timer2                     text19       14E7
_isr                             text24       15EC
_main                            maintext     0E69
_min                             bssBANK0     0068
_operation_mode                  nvBANK0      006C
_power_on_screen                 text15       16D0
_program_no                      bssCOMMON    007A
_read_digital_keypad             text14       1730
_reset_mode                      bssBANK0     0069
_rinse_time                      bssBANK0     0062
_run_program                     text4        0038
_sec                             bssCOMMON    0078
_set_time_for_program            text3        0D20
_spin_time                       bssBANK0     0060
_wash_time                       bssBANK0     0064
_washing_prog                    dataBANK1    00A0
_washing_program_display         text2        0AE0
_water_level_arr                 dataBANK1    00B8
_water_level_display             text1        0C00
_water_level_index               bssCOMMON    0079
btemp                            (abs)        007E
clcd_print@addr                  cstackBANK0  0022
clcd_print@str                   cstackBANK0  0020
clcd_putch@addr                  cstackBANK0  0024
clcd_putch@data                  cstackBANK0  0025
clcd_write@byte                  cstackCOMMON 0076
clcd_write@mode                  cstackCOMMON 0073
clear_ram0                       clrtext      14D4
end_of_initialization            cinit        0034
init_fetch0                      inittext     1501
init_ram0                        inittext     1505
interrupt_function               intentry     0004
intlevel0                        functab      0000
intlevel1                        functab      0000
intlevel2                        functab      0000
intlevel3                        functab      0000
intlevel4                        functab      0000
intlevel5                        functab      0000
isr@count                        bssBANK0     005A
main@j                           cstackBANK1  00C2
main@j_142                       cstackBANK1  00C4
main@key                         cstackBANK1  00C6
power_on_screen@i                cstackBANK0  0029
power_on_screen@i_152            cstackBANK0  002A
read_digital_keypad@longpress    bssBANK0     0066
read_digital_keypad@mode         cstackCOMMON 0074
read_digital_keypad@once         dataBANK0    006A
read_digital_keypad@pre_key      bssBANK0     0067
reset_vec                        reset_vec    0000
run_program@key                  cstackBANK0  0056
run_program@time                 bssBANK0     005C
run_program@total_time           bssBANK0     005E
saved_w                          (abs)        007E
start                            init         000C
start_initialization             cinit        000F
washing_program_display@key      cstackBANK0  0029
water_level_display@key          cstackBANK0  0029
wtemp0                           (abs)        007E


MODULE INFORMATION

Module		Function		Class		Link	Load	Size
digitalkeypad.c
		_init_digital_keypad		CODE           	14CE	0000	6
		_read_digital_keypad		CODE           	1730	0000	103

digitalkeypad.c estimated size: 109

C:\Program Files\Microchip\xc8\v2.36\pic\sources\c90\common\awmod.c
		___awmod       		CODE           	1675	0000	91

C:\Program Files\Microchip\xc8\v2.36\pic\sources\c90\common\awmod.c estimated size: 91

timer.c
		_init_timer2   		CODE           	14E7	0000	13

timer.c estimated size: 13

C:\Program Files\Microchip\xc8\v2.36\pic\sources\c90\common\Umul16.c
		___wmul        		CODE           	158E	0000	43

C:\Program Files\Microchip\xc8\v2.36\pic\sources\c90\common\Umul16.c estimated size: 43

C:\Program Files\Microchip\xc8\v2.36\pic\sources\c90\common\sprcmul.c
		___flmul       		CODE           	0400	0000	865

C:\Program Files\Microchip\xc8\v2.36\pic\sources\c90\common\sprcmul.c estimated size: 865

C:\Program Files\Microchip\xc8\v2.36\pic\sources\c90\common\awdiv.c
		___awdiv       		CODE           	1797	0000	105

C:\Program Files\Microchip\xc8\v2.36\pic\sources\c90\common\awdiv.c estimated size: 105

C:\Program Files\Microchip\xc8\v2.36\pic\sources\c90\common\fltol.c
		___fltol       		CODE           	0761	0000	124

C:\Program Files\Microchip\xc8\v2.36\pic\sources\c90\common\fltol.c estimated size: 124

isr.c
		_isr           		CODE           	15EC	0000	55

isr.c estimated size: 55

shared
		__stringtab    		STRING         	1000	0000	18
		__initialization		CODE           	000F	0000	37

shared estimated size: 55

clcd.c
		_clcd_write    		CODE           	1545	0000	32
		_clcd_print    		CODE           	15B9	0000	51
		_clcd_putch    		CODE           	1514	0000	21
		_init_display_controller		CODE           	1623	0000	82
		_init_clcd     		CODE           	14DC	0000	11

clcd.c estimated size: 197

C:\Program Files\Microchip\xc8\v2.36\pic\sources\c90\common\xxtofl.c
		___xxtofl      		CODE           	0A24	0000	188

C:\Program Files\Microchip\xc8\v2.36\pic\sources\c90\common\xxtofl.c estimated size: 188

main.c
		_door_status_check		CODE           	09B8	0000	108
		_washing_program_display		CODE           	0AE0	0000	288
		_main          		CODE           	0E69	0000	407
		_water_level_display		CODE           	0C00	0000	288
		_run_program   		CODE           	0038	0000	968
		_clear_screen  		CODE           	14F4	0000	13
		_power_on_screen		CODE           	16D0	0000	96
		_init_config   		CODE           	1529	0000	28
		_set_time_for_program		CODE           	0D20	0000	329

main.c estimated size: 2525

C:\Program Files\Microchip\xc8\v2.36\pic\sources\c90\common\Umul8_16.c
		__Umul8_16     		CODE           	1565	0000	41

C:\Program Files\Microchip\xc8\v2.36\pic\sources\c90\common\Umul8_16.c estimated size: 41

